baseline: PASS
validate_primitives.py: PASS
small_catalogue.py: PASS
rank_catalogue.py: PASS
pure_catalogue.py: PASS
pure_extended.py: PASS
explore.py: PASS
explore_pure.py: PASS
projection_frontier.py: PASS
spectral_integer.py: PASS
refine_q114.py: PASS
cross_exact.py: PASS
finalize_high.py: PASS
sparse_defect.py: PASS
mixed_rank_frontier.py: PASS
pure90_frontier.py: PASS
q90_final.py: PASS
size13_energy18.py: PASS
validate_size13.py: PASS
pure108_frontier.py: PASS
q108_final.py: PASS
NEWLY CLOSED: [87, 90, 108, 114, 117, 123, 126, 132, 135, 141, 144, 150, 153, 159, 162, 168]
TOTAL CLOSED: 35/38
UNRESOLVED: [96, 99, 105]
