WARN `--no-project` was provided, but no project was found
0 P3_C4 281419806884765625 columns 0 rank 0 seconds 0.54
1 P3_C4 281419806884765625 columns 0 rank 0 seconds 0.79
2 P3_C4 279271207529296875 columns 0 rank 0 seconds 1.05
3 P3_C4 279271207529296875 columns 0 rank 0 seconds 1.29
4 P3_C4 281419806884765625 columns 0 rank 0 seconds 1.54
5 P3_C4 281419806884765625 columns 0 rank 0 seconds 1.79
6 P3_C4 279271207529296875 columns 0 rank 0 seconds 2.05
7 P3_C4 279271207529296875 columns 0 rank 0 seconds 2.29
8 P3_C4 278196907851562500 columns 28 rank 9 seconds 2.55
9 P3_C4 278196907851562500 columns 28 rank 9 seconds 2.8
10 P3_C4 281419806884765625 columns 0 rank 0 seconds 3.06
11 P3_C4 278196907851562500 columns 28 rank 9 seconds 3.31
12 P3_C4 278196907851562500 columns 28 rank 9 seconds 3.57
13 P3_C4 278196907851562500 columns 28 rank 9 seconds 3.83
14 P3_C4 281419806884765625 columns 0 rank 0 seconds 4.09
15 P3_C4 281419806884765625 columns 0 rank 0 seconds 4.33
16 P3_C4 278196907851562500 columns 28 rank 9 seconds 4.59
17 P3_C4 278196907851562500 columns 28 rank 9 seconds 4.85
18 P3_C4 278196907851562500 columns 28 rank 9 seconds 5.12
19 P3_C4 281419806884765625 columns 0 rank 0 seconds 5.36
20 P3_C4 278056781806640625 columns 0 rank 0 seconds 5.6
21 P3_C4 278056781806640625 columns 0 rank 0 seconds 5.86
22 P3_C4 278056781806640625 columns 0 rank 0 seconds 6.11
23 P3_C4 278056781806640625 columns 0 rank 0 seconds 6.35
24 P3_C4 279458042255859375 columns 21 rank 7 seconds 6.61
25 P3_C4 279458042255859375 columns 42 rank 8 seconds 6.86
26 P3_C4 279458042255859375 columns 21 rank 7 seconds 7.13
27 P3_C4 279458042255859375 columns 42 rank 8 seconds 7.38
28 P3_C4 279458042255859375 columns 21 rank 7 seconds 7.64
29 P3_C4 279458042255859375 columns 42 rank 8 seconds 7.89
30 P3_C4 279458042255859375 columns 42 rank 8 seconds 8.16
31 P3_C4 279458042255859375 columns 21 rank 7 seconds 8.41
32 P3_C4 278757412031250000 columns 0 rank 0 seconds 8.66
33 P3_C4 278757412031250000 columns 0 rank 0 seconds 8.94
34 P3_C4 278757412031250000 columns 0 rank 0 seconds 9.22
35 P3_C4 278757412031250000 columns 0 rank 0 seconds 9.47
36 P3_C4 278056781806640625 columns 0 rank 0 seconds 9.73
37 P3_C4 278056781806640625 columns 0 rank 0 seconds 9.99
38 P3_C4 279458042255859375 columns 42 rank 8 seconds 10.27
39 P3_C4 279458042255859375 columns 21 rank 7 seconds 10.53
40 P3_C4 279458042255859375 columns 42 rank 8 seconds 10.79
41 P3_C4 279458042255859375 columns 21 rank 7 seconds 11.05
42 P3_C4 279458042255859375 columns 42 rank 8 seconds 11.32
43 P3_C4 279458042255859375 columns 21 rank 7 seconds 11.59
44 P3_C4 279458042255859375 columns 21 rank 7 seconds 11.86
45 P3_C4 279458042255859375 columns 42 rank 8 seconds 12.13
46 P3_C4 278757412031250000 columns 0 rank 0 seconds 12.4
47 P3_C4 278757412031250000 columns 0 rank 0 seconds 12.65
48 P3_C4 278757412031250000 columns 0 rank 0 seconds 12.91
49 P3_C4 278757412031250000 columns 0 rank 0 seconds 13.17
50 P3_C4 278056781806640625 columns 0 rank 0 seconds 13.43
51 P3_C4 278056781806640625 columns 0 rank 0 seconds 13.69
